
Usage:	docker ecs COMMAND

run multi-container applications on Amazon ECS.

Management Commands:
  compose     
  secret      Manages secrets

Commands:
  setup       
  version     Show version.

Run 'docker ecs COMMAND --help' for more information on a command.
